// Jest Snapshot v1, https://goo.gl/fbAQLP

exports[`About.vue renders correctly 1`] = `
<div class="about-container">
  <div class="about-section">
    <h2>Where we practise</h2>
  </div>
  <div class="about-section">
    <h2>Practise Times</h2>
    <ul></ul>
  </div>
  <div class="about-section">
    <h2>Who to Contact</h2>
    <ul></ul>
  </div>
</div>
`;
