// Jest Snapshot v1, https://goo.gl/fbAQLP

exports[`Calendar.vue renders correctly 1`] = `
<div class="calendar">
  <h1>Kendo Calendar</h1>
</div>
`;
