// Jest Snapshot v1, https://goo.gl/fbAQLP

exports[`ClubHistory.vue renders correctly 1`] = `
<div class="club-history">
  <h1>KNMS and Doshinkenyukai Club History</h1>
  <p>Need to add in some text around the clubs history</p>
</div>
`;
